Blueprint hash for [robot_tests/conda.yaml] is 79ba58276b645f09.