Blueprint hash for [robot_tests/bare_action/package.yaml] is 43139fade39b1952.