Blueprint hash for [robot_tests/bare_action/package.yaml] is 43139fade39b1952.
Blueprint:
channels:
- conda-forge
dependencies:
- python=3.10.12
- uv=0.4.24
- pip:
  - robocorp==1.6.2
  - robocorp-actions==0.0.7