{
  "exist": false,
  "hash": "ac2e488f48812dcf"
}